docker : #0 building with 
"desktop-linux" instance using 
docker driver
At line:1 char:1
+ docker build -t 
cafeteria-backend . *>&1 | 
Out-File -FilePath build.l ...
+ ~~~~~~~~~~~~~~~~~~~~~~~~~~~~~
~~~~~~~~~~~
    + CategoryInfo          :  
   NotSpecified: (#0 building  
   wit...g docker driver:Str   
 ing) [], RemoteException
    + FullyQualifiedErrorId :  
   NativeCommandError
 

#1 [internal] load build 
definition from Dockerfile
#1 transferring dockerfile: 
708B done
#1 DONE 0.0s

#2 [internal] load metadata 
for docker.io/library/golang:1.
23-alpine
#2 ...

#3 [internal] load metadata 
for 
docker.io/library/alpine:latest
#3 DONE 1.7s

#2 [internal] load metadata 
for docker.io/library/golang:1.
23-alpine
#2 DONE 1.7s

#4 [internal] load 
.dockerignore
#4 transferring context: 2B 
done
#4 DONE 0.0s

#5 [internal] load build 
context
#5 DONE 0.0s

#6 [builder 1/8] FROM docker.io
/library/golang:1.23-alpine@sha
256:383395b794dffa5b53012a21236
5d40c8e37109a626ca30d6151c8348d
380b5f
#6 resolve docker.io/library/go
lang:1.23-alpine@sha256:383395b
794dffa5b53012a212365d40c8e3710
9a626ca30d6151c8348d380b5f 
0.0s done
#6 DONE 0.0s

#7 [stage-1 1/4] FROM docker.io
/library/alpine:latest@sha256:2
5109184c71bdad752c8312a86232396
86a9a2071e8825f20acb8f2198c3f65
9
#7 resolve docker.io/library/al
pine:latest@sha256:25109184c71b
dad752c8312a8623239686a9a2071e8
825f20acb8f2198c3f659 0.0s done
#7 DONE 0.0s

#5 [internal] load build 
context
#5 transferring context: 
8.80kB 0.0s done
#5 DONE 0.0s

#8 [builder 2/8] WORKDIR /app
#8 CACHED

#9 [builder 3/8] RUN apk add 
--no-cache gcc musl-dev
#9 CACHED

#10 [builder 4/8] COPY go.mod 
./
#10 CACHED

#11 [builder 5/8] RUN go mod 
download || true
#11 CACHED

#12 [builder 6/8] COPY . .
#12 DONE 0.1s

#13 [builder 7/8] RUN go mod 
tidy
#13 0.294 go: downloading 
github.com/stretchr/testify 
v1.8.4
#13 0.353 go: downloading 
gopkg.in/check.v1 v1.0.0-202011
30134442-10cb98267c6c
#13 0.353 go: downloading githu
b.com/gabriel-vasile/mimetype 
v1.4.3
#13 0.356 go: downloading githu
b.com/go-playground/assert/v2 
v2.2.0
#13 0.429 go: downloading 
github.com/google/go-cmp v0.5.5
#13 0.435 go: downloading 
github.com/davecgh/go-spew 
v1.1.1
#13 1.215 go: downloading 
github.com/pmezard/go-difflib 
v1.0.0
#13 1.301 go: downloading 
github.com/kr/pretty v0.3.0
#13 1.393 go: downloading 
golang.org/x/xerrors v0.0.0-201
91204190536-9bdfabe68543
#13 DONE 32.4s

#14 [builder 8/8] RUN 
CGO_ENABLED=0 GOOS=linux go 
build -a -installsuffix cgo -o 
main ./cmd/server
#14 13.27 # github.com/smart-ca
feteria/backend/internal/databa
se
#14 13.27 internal/database/pos
tgres.go:38:28: undefined: time
#14 ERROR: process "/bin/sh -c 
CGO_ENABLED=0 GOOS=linux go 
build -a -installsuffix cgo -o 
main ./cmd/server" did not 
complete successfully: exit 
code: 1
------
 > [builder 8/8] RUN 
CGO_ENABLED=0 GOOS=linux go 
build -a -installsuffix cgo -o 
main ./cmd/server:
13.27 # github.com/smart-cafete
ria/backend/internal/database
13.27 internal/database/postgre
s.go:38:28: undefined: time
------
Dockerfile:20
--------------------
  18 |     
  19 |     # Build the 
application
  20 | >>> RUN CGO_ENABLED=0 
GOOS=linux go build -a 
-installsuffix cgo -o main 
./cmd/server
  21 |     
  22 |     # Final stage
--------------------
ERROR: failed to build: failed 
to solve: process "/bin/sh -c 
CGO_ENABLED=0 GOOS=linux go 
build -a -installsuffix cgo -o 
main ./cmd/server" did not 
complete successfully: exit 
code: 1
